
R version 4.4.2 (2024-10-31) -- "Pile of Leaves"
Copyright (C) 2024 The R Foundation for Statistical Computing
Platform: x86_64-redhat-linux-gnu

R is free software and comes with ABSOLUTELY NO WARRANTY.
You are welcome to redistribute it under certain conditions.
Type 'license()' or 'licence()' for distribution details.

R is a collaborative project with many contributors.
Type 'contributors()' for more information and
'citation()' on how to cite R or R packages in publications.

Type 'demo()' for some demos, 'help()' for on-line help, or
'help.start()' for an HTML browser interface to help.
Type 'q()' to quit R.

> # Multi-Trait Multi-Environment models ----
> # This script fits Multi-Trait Multi-Environment models
> 
> # Clean workspace
> rm(list = objects())  # Removes all objects from the environment.
> 
> # Packages ----
> library(tidyverse) # R packages for data science.
── Attaching core tidyverse packages ──────────────────────── tidyverse 2.0.0 ──
✔ dplyr     1.1.4     ✔ readr     2.1.5
✔ forcats   1.0.0     ✔ stringr   1.5.1
✔ ggplot2   3.5.1     ✔ tibble    3.2.1
✔ lubridate 1.9.4     ✔ tidyr     1.3.1
✔ purrr     1.0.2     
── Conflicts ────────────────────────────────────────── tidyverse_conflicts() ──
✖ dplyr::filter() masks stats::filter()
✖ dplyr::lag()    masks stats::lag()
ℹ Use the conflicted package (<http://conflicted.r-lib.org/>) to force all conflicts to become errors
> library(asreml) # ASReml-R package.
Loading required package: Matrix

Attaching package: ‘Matrix’

The following objects are masked from ‘package:tidyr’:

    expand, pack, unpack

Online License checked out Fri May  2 22:47:37 2025
Loading ASReml-R version 4.2

> source('Functions_MTME.R')  # Load functions
> 
> # Use for HPC only
> setwd('~/mtme-gsi4wheat/')
> 
> # Load data ----
> ## Pheno & Ginv
> ILYT_Pheno <- readRDS('Data/ILYT_Pheno.rds') # Load the phenotypic data.
> Ginv <- readRDS('Data/Ginv.rds') # Load the relationship matrix
> 
> # Set k
> k <- 2
> 
> # Fit NFA2 model ----
> ## Run model ----
> MTME_NFA2.asr <- asreml(
+   Pheno_z ~ TraitEnv,
+   random = ~ rr(TraitEnv,k):vm(Gkeep, Ginv) + diag(TraitEnv):vm(Gkeep, Ginv) +
+     diag(TraitEnv):ide(Gkeep) + 
+     diag(TraitEnv):Block, 
+   residual = ~ dsum(~ ar1(Col):ar1(Row) | TraitEnv),
+   sparse = ~ TraitEnv:Gdrop,
+   data = ILYT_Pheno,
+   na.action = na.method(x = 'include'),
+   maxit = 13,
+   workspace = '24gb'
+ )
Warning messages:
1: In asreml(Pheno_z ~ TraitEnv, random = ~rr(TraitEnv, k):vm(Gkeep,  :
  Log-likelihood not converged
2: In asreml(Pheno_z ~ TraitEnv, random = ~rr(TraitEnv, k):vm(Gkeep,  :
  Some components changed by more than 1% on the last iteration
> 
> # Print model info
> print(paste('convergence =', MTME_NFA2.asr$converge))
[1] "convergence = FALSE"
> MTME_NFA2.asr$trace |>
+   as.data.frame() |> rownames_to_column('Iteration') |>
+   filter(Iteration=='LogLik') |> print()
  Iteration        1        2        3        4        5        6        7
1    LogLik 10113.06 13237.91 14584.86 15976.65 16841.65 17200.72 17353.88
         8        9       10    11       12       13       14
1 17444.96 17483.96 17493.65 17504 17512.85 17518.14 17518.14
> 
> # Save
> save.image('Data/MTME_NFA2.RData')
> 
> # Update model ----
> MTME_NFA2.asr <- update_asreml(MTME_NFA2.asr, 
+                                max_updates = 20,
+                                save_path = "Data/MTME_NFA2.RData")
[1] "Update 1"
[1] "Convergence = FALSE"
  Iteration        1        2        3        4        5        6        7
1    LogLik 17521.71 17522.55 17524.78 17526.25 17527.23 17527.91 17528.38
         8        9       10       11       12       13       14
1 17528.72 17528.98 17529.17 17529.33 17529.44 17529.53 17529.53
[1] "Update 2"
[1] "Convergence = FALSE"
  Iteration        1        2        3        4        5        6        7
1    LogLik 17529.58 17529.59 17529.62 17529.63 17529.64 17529.65 17529.66
         8        9       10       11       12       13       14
1 17529.66 17529.67 17529.67 17529.67 17529.68 17529.68 17529.68
[1] "Update 3"
[1] "Convergence = TRUE"
  Iteration        1        2        3
1    LogLik 17529.68 17529.68 17529.68
[1] "Model successfully converged!"
Warning messages:
1: In asreml(fixed = Pheno_z ~ TraitEnv, random = ~rr(TraitEnv, k):vm(Gkeep,  :
  Log-likelihood not converged
2: In asreml(fixed = Pheno_z ~ TraitEnv, random = ~rr(TraitEnv, k):vm(Gkeep,  :
  Some components changed by more than 1% on the last iteration
3: In asreml(fixed = Pheno_z ~ TraitEnv, random = ~rr(TraitEnv, k):vm(Gkeep,  :
  Log-likelihood not converged
4: In asreml(fixed = Pheno_z ~ TraitEnv, random = ~rr(TraitEnv, k):vm(Gkeep,  :
  Some components changed by more than 1% on the last iteration
> 
> # Save
> save.image('Data/MTME_NFA2.RData')
> 
> proc.time()
    user   system  elapsed 
45223.96  2456.20 13587.19 
